// Jest Snapshot v1, https://goo.gl/fbAQLP

exports[`renders without errors 1`] = `
<Component
  style={
    Object {
      "backgroundColor": "#000",
      "flexDirection": "row",
      "height": 56,
      "paddingBottom": 10,
      "paddingTop": 10,
      "width": "100%",
    }
  }
>
  <Component
    style={
      Object {
        "flex": 1,
        "paddingLeft": 8,
        "paddingTop": 6,
      }
    }
  >
    <Component
      style={
        Object {
          "color": "#fafafa",
          "fontSize": 20,
        }
      }
    >
      Routines
    </Component>
  </Component>
  <Component
    style={
      Object {
        "flex": 1,
        "flexDirection": "row",
        "justifyContent": "flex-end",
        "paddingRight": 16,
        "paddingTop": 8,
      }
    }
  >
    <TouchableOpacity
      activeOpacity={0.2}
    >
      <Icon
        allowFontScaling={false}
        color="#ccc"
        name="plussquareo"
        onPress={[Function]}
        size={22}
        style={
          Object {
            "marginLeft": 24,
          }
        }
      />
    </TouchableOpacity>
    <TouchableOpacity
      activeOpacity={0.2}
    >
      <Icon
        allowFontScaling={false}
        color="#ccc"
        name="filter"
        onPress={[Function]}
        size={22}
        style={
          Object {
            "marginLeft": 24,
          }
        }
      />
    </TouchableOpacity>
    <TouchableOpacity
      activeOpacity={0.2}
    >
      <Icon
        allowFontScaling={false}
        color="#ccc"
        name="settings"
        size={22}
        style={
          Object {
            "marginLeft": 24,
          }
        }
      />
    </TouchableOpacity>
  </Component>
</Component>
`;
